
> sirine-tta-expert@1.0.0 build
> vite build

node.exe : [31mfailed to 
load config from I:\Sirine-av
atar\vite.config.js[39m
Au caractère Ligne:1 : 1
+ & "C:\Program 
Files\nodejs/node.exe" 
"C:\Program 
Files\nodejs/node_mo ...
+ ~~~~~~~~~~~~~~~~~~~~~~~~~~~
~~~~~~~~~~~~~~~~~~~~~~~~~~~~~
~~~~~~~~~~~~~
    + CategoryInfo           
   : NotSpecified    : 
([31mfailed to .    
...config.js[39m:S    
tring) [], RemoteEx    
ception
    + FullyQualifiedErr    
orId : NativeComman    dError
 
[31merror during build:
Error: The service was 
stopped
    at I:\Sirine-avatar\node_
modules\esbuild\lib\main.js:9
49:34
    at 
responseCallbacks.<computed> 
(I:\Sirine-avatar\node_module
s\esbuild\lib\main.js:603:9)
    at Socket.afterClose (I:\
Sirine-avatar\node_modules\es
build\lib\main.js:594:28)
    at Socket.emit 
(node:events:531:35)
    at endReadableNT (node:in
ternal/streams/readable:1698:
12)
    at process.processTicksAn
dRejections (node:internal/pr
ocess/task_queues:90:21)[39m
